2018-03-27 16:03:59 Error message: This is an exception in F:\xampp\htdocs\phpintro\lesson5.php on line 36
2018-03-27 16:03:59 Error message: This is an exception in F:\xampp\htdocs\phpintro\lesson5.php on line 36
2018-03-27 16:03:59 Error message: This is an exception in F:\xampp\htdocs\phpintro\lesson5.php on line 36
2018-03-27 16:03:59 Error message: This is an exception in F:\xampp\htdocs\phpintro\lesson5.php on line 36
2018-03-27 16:03:59 Error message: This is an exception in F:\xampp\htdocs\phpintro\lesson5.php on line 36
2018-03-27 16:03:00 Error message: This is an exception in F:\xampp\htdocs\phpintro\lesson5.php on line 36
